CREATE EXTENSION pg_stat_monitor;
SELECT pg_stat_monitor_reset();
 pg_stat_monitor_reset 
-----------------------
 
(1 row)

select pg_sleep(.5);
 pg_sleep 
----------
 
(1 row)

SELECT 1;
 ?column? 
----------
        1
(1 row)

SELECT query FROM pg_stat_monitor ORDER BY query COLLATE "C";
             query              
--------------------------------
 SELECT $1
 SELECT pg_stat_monitor_reset()
 select pg_sleep($1)
(3 rows)

SELECT pg_stat_monitor_reset();
 pg_stat_monitor_reset 
-----------------------
 
(1 row)

DROP EXTENSION pg_stat_monitor;
